// Jest Snapshot v1, https://goo.gl/fbAQLP

exports[`should have useless snapshot 1`] = `[Function]`;
