// Jest Snapshot v1, https://goo.gl/fbAQLP

exports[`With snapshots ðŸŽ‰ should handle ADD_INGREDIENT 1`] = `
Object {
  "ingredients": Array [
    "Papaya",
  ],
  "name": "",
}
`;

exports[`With snapshots ðŸŽ‰ should handle UPDATE_NAME 1`] = `
Object {
  "ingredients": Array [],
  "name": "Salad",
}
`;

exports[`With snapshots ðŸŽ‰ should return initial state 1`] = `
Object {
  "ingredients": Array [],
  "name": "",
}
`;
